/*C479*/SET SCHEMA PUBLIC
create table users(\u000a  username varchar(200),\u000a  password varchar(200),\u000a  enabled varchar(100),\u000a  primary key(username))
create table authorities(\u000a  username varchar(200),\u000a  authority varchar(200))
/*C482*/SET SCHEMA PUBLIC
INSERT INTO USERS VALUES('admin','$2a$10$tpIXD5n30Eca0VekD778Buy7TrsCqOEh8o.BDN1upDPhLJ07dsQB6','true')
COMMIT
INSERT INTO AUTHORITIES VALUES('admin','ROLE_ADMIN')
COMMIT
INSERT INTO AUTHORITIES VALUES('admin','ROLE_USER')
COMMIT
INSERT INTO USERS VALUES('user','$2a$10$6P549XFHQ2unVX0EZ42lhelO7CEhh.HKFvomoEj0wY.63W7SB16LG','true')
COMMIT
INSERT INTO AUTHORITIES VALUES('user','ROLE_user')
COMMIT
